---
http_interactions:
- request:
    method: get
    uri: "<DIRECTORY_URL>"
    body:
      encoding: US-ASCII
      string: ''
    headers:
      User-Agent:
      - AcmeV2::Client v2.0.4 (https://github.com/unixcharles/acme-client)
      Accept-Encoding:
      - gzip;q=1.0,deflate;q=0.6,identity;q=0.3
      Accept:
      - "*/*"
  response:
    status:
      code: 200
      message: OK
    headers:
      Cache-Control:
      - public, max-age=0, no-cache
      Content-Type:
      - application/json; charset=utf-8
      Date:
      - Thu, 10 Oct 2019 03:08:12 GMT
      Content-Length:
      - '386'
    body:
      encoding: UTF-8
      string: |-
        {
           "keyChange": "<DIRECTORY_BASE_URL>/rollover-account-key",
           "meta": {
              "termsOfService": "data:text/plain,Do%20what%20thou%20wilt"
           },
           "newAccount": "<DIRECTORY_BASE_URL>/sign-me-up",
           "newNonce": "<DIRECTORY_BASE_URL>/nonce-plz",
           "newOrder": "<DIRECTORY_BASE_URL>/order-plz",
           "revokeCert": "<DIRECTORY_BASE_URL>/revoke-cert"
        }
    http_version:
  recorded_at: Thu, 10 Oct 2019 03:08:12 GMT
- request:
    method: head
    uri: "<DIRECTORY_BASE_URL>/nonce-plz"
    body:
      encoding: US-ASCII
      string: ''
    headers:
      User-Agent:
      - AcmeV2::Client v2.0.4 (https://github.com/unixcharles/acme-client)
      Accept:
      - "*/*"
  response:
    status:
      code: 200
      message: OK
    headers:
      Cache-Control:
      - public, max-age=0, no-cache
      Link:
      - <<DIRECTORY_URL>>;rel="index"
      Replay-Nonce:
      - iX8A1ZF--iuYUR9_hREK-w
      Date:
      - Thu, 10 Oct 2019 03:08:12 GMT
    body:
      encoding: UTF-8
      string: ''
    http_version:
  recorded_at: Thu, 10 Oct 2019 03:08:12 GMT
- request:
    method: post
    uri: "<DIRECTORY_BASE_URL>/sign-me-up"
    body:
      encoding: UTF-8
      string: '{"protected":"eyJ0eXAiOiJKV1QiLCJhbGciOiJFUzI1NiIsIm5vbmNlIjoiaVg4QTFaRi0taXVZVVI5X2hSRUstdyIsInVybCI6Imh0dHBzOi8vMTkyLjE2OC41Ni45MzoxNDAwMC9zaWduLW1lLXVwIiwiandrIjp7ImNydiI6IlAtMjU2Iiwia3R5IjoiRUMiLCJ4IjoicWQyRVB2N0ZKTnpJcko4MVlFcFh0RWM3ODNfVGtWRk9sRlNHMlpraldRSSIsInkiOiJXRVlYUHFkdlhmLXJGVk4wSjJKbzZWOXNfem1HejkxNDlQdVZTX0tndllJIn19","payload":"eyJjb250YWN0IjpbIm1haWx0bzppbmZvQGV4YW1wbGUuY29tIl0sInRlcm1zT2ZTZXJ2aWNlQWdyZWVkIjp0cnVlfQ","signature":"gs03FTPoqqRRGSGZUqN4DWPC8fw--mEEGr4CJ4F4zvDxjzijvIJqIZFk-gad4Iw-vnoYgqVnfEMxYLpBQybrwQ"}'
    headers:
      User-Agent:
      - AcmeV2::Client v2.0.4 (https://github.com/unixcharles/acme-client)
      Content-Type:
      - application/jose+json
      Accept-Encoding:
      - gzip;q=1.0,deflate;q=0.6,identity;q=0.3
      Accept:
      - "*/*"
  response:
    status:
      code: 201
      message: Created
    headers:
      Cache-Control:
      - public, max-age=0, no-cache
      Content-Type:
      - application/json; charset=utf-8
      Link:
      - <<DIRECTORY_URL>>;rel="index"
      Location:
      - "<DIRECTORY_BASE_URL>/my-account/50"
      Replay-Nonce:
      - CWTu9fWwwRSx6S0rkmrlgg
      Date:
      - Thu, 10 Oct 2019 03:08:12 GMT
      Content-Length:
      - '311'
    body:
      encoding: UTF-8
      string: |-
        {
           "status": "valid",
           "contact": [
              "mailto:info@example.com"
           ],
           "orders": "<DIRECTORY_BASE_URL>/list-orderz/50",
           "key": {
              "kty": "EC",
              "crv": "P-256",
              "x": "qd2EPv7FJNzIrJ81YEpXtEc783_TkVFOlFSG2ZkjWQI",
              "y": "WEYXPqdvXf-rFVN0J2Jo6V9s_zmGz9149PuVS_KgvYI"
           }
        }
    http_version:
  recorded_at: Thu, 10 Oct 2019 03:08:12 GMT
- request:
    method: post
    uri: "<DIRECTORY_BASE_URL>/order-plz"
    body:
      encoding: UTF-8
      string: '{"protected":"eyJ0eXAiOiJKV1QiLCJhbGciOiJFUzI1NiIsIm5vbmNlIjoiQ1dUdTlmV3d3UlN4NlMwcmttcmxnZyIsInVybCI6Imh0dHBzOi8vMTkyLjE2OC41Ni45MzoxNDAwMC9vcmRlci1wbHoiLCJraWQiOiJodHRwczovLzE5Mi4xNjguNTYuOTM6MTQwMDAvbXktYWNjb3VudC81MCJ9","payload":"eyJpZGVudGlmaWVycyI6W3sidHlwZSI6ImRucyIsInZhbHVlIjoiZXhhbXBsZS5jb20ifV19","signature":"PYswmghKoB1wfPrqYItB_XmUKElIW_1t8Ui_FOvEQezc_H8_s2c8VRCD4cEnT0UczLSNHmwCg8KH-HO9GlN18Q"}'
    headers:
      User-Agent:
      - AcmeV2::Client v2.0.4 (https://github.com/unixcharles/acme-client)
      Content-Type:
      - application/jose+json
      Accept-Encoding:
      - gzip;q=1.0,deflate;q=0.6,identity;q=0.3
      Accept:
      - "*/*"
  response:
    status:
      code: 201
      message: Created
    headers:
      Cache-Control:
      - public, max-age=0, no-cache
      Content-Type:
      - application/json; charset=utf-8
      Link:
      - <<DIRECTORY_URL>>;rel="index"
      Location:
      - "<DIRECTORY_BASE_URL>/my-order/pF2bujKOeAqmFbop2GQgy3GA0AahpSPSMRGikDcCjNw"
      Replay-Nonce:
      - Vrl3vsP3I1GJ6JGkHffvOw
      Date:
      - Thu, 10 Oct 2019 03:08:12 GMT
      Content-Length:
      - '382'
    body:
      encoding: UTF-8
      string: |-
        {
           "status": "pending",
           "expires": "2019-10-11T03:08:12Z",
           "identifiers": [
              {
                 "type": "dns",
                 "value": "example.com"
              }
           ],
           "finalize": "<DIRECTORY_BASE_URL>/finalize-order/pF2bujKOeAqmFbop2GQgy3GA0AahpSPSMRGikDcCjNw",
           "authorizations": [
              "<DIRECTORY_BASE_URL>/authZ/K0e3DRXwAH_XLhLKQSByTFf3JjEcbMMEFJrrA4XPUkE"
           ]
        }
    http_version:
  recorded_at: Thu, 10 Oct 2019 03:08:12 GMT
recorded_with: VCR 2.9.3
